VM start event not sent yet: dropping APPDOMAIN_CREATE
[000000000000A364] Thread started, obj=0000020C8D850130, tls=0000020C89FFA780.
VM start event not sent yet: dropping THREAD_START
[000000000000A364] Suspended.
[000000000000A364] Resumed.
VM start event not sent yet: dropping ASSEMBLY_LOAD
VM start event not sent yet: dropping TYPE_LOAD
VM start event not sent yet: dropping TYPE_LOAD
VM start event not sent yet: dropping TYPE_LOAD
VM start event not sent yet: dropping TYPE_LOAD
VM start event not sent yet: dropping TYPE_LOAD
VM start event not sent yet: dropping TYPE_LOAD
VM start event not sent yet: dropping TYPE_LOAD
VM start event not sent yet: dropping TYPE_LOAD
[000000000000D808] Thread started, obj=0000020C8D850278, tls=0000020C8A0100E0.
VM start event not sent yet: dropping THREAD_START
[000000000000D808] Suspended.
[000000000000D808] Resumed.
Debugger client is not connected: dropping VM_START
[dbg] Agent thread started, pid=000000000000E950
VM start event not sent yet: dropping APPDOMAIN_CREATE
VM start event not sent yet: dropping TYPE_LOAD
VM start event not sent yet: dropping TYPE_LOAD
VM start event not sent yet: dropping TYPE_LOAD
VM start event not sent yet: dropping TYPE_LOAD
VM start event not sent yet: dropping TYPE_LOAD
VM start event not sent yet: dropping TYPE_LOAD
VM start event not sent yet: dropping TYPE_LOAD
VM start event not sent yet: dropping TYPE_LOAD
VM start event not sent yet: dropping ASSEMBLY_LOAD
VM start event not sent yet: dropping TYPE_LOAD
VM start event not sent yet: dropping TYPE_LOAD
VM start event not sent yet: dropping TYPE_LOAD
VM start event not sent yet: dropping TYPE_LOAD
VM start event not sent yet: dropping TYPE_LOAD
VM start event not sent yet: dropping TYPE_LOAD
